
========================================================================================
                 CIFAR-10 MINI-RESNET: BARE-METAL MODEL INFERENCE                       
========================================================================================
Loaded Model Config: ../configs/model_config.json

Layer / Stage           Operator        Status    Max Abs Diff    Time (ms)   Output Shape
----------------------------------------------------------------------------------------
stem_conv               Conv2D          PASS      0.0000e+00      5.806       [1, 32, 32, 32]
stem_bn                 BatchNorm       PASS      9.5367e-07      0.125       [1, 32, 32, 32]
stem_relu               ReLU            PASS      9.5367e-07      0.035       [1, 32, 32, 32]
ds1_conv                Conv2D          PASS      2.3842e-06      29.011      [1, 64, 16, 16]
ds1_bn                  BatchNorm       PASS      1.4305e-06      0.151       [1, 64, 16, 16]
ds1_relu                ReLU            PASS      1.4305e-06      0.021       [1, 64, 16, 16]
res_conv1               Conv2D          PASS      1.1921e-06      43.687      [1, 64, 16, 16]
res_bn1                 BatchNorm       PASS      2.1458e-06      0.025       [1, 64, 16, 16]
res_relu1               ReLU            PASS      1.0282e-06      0.009       [1, 64, 16, 16]
res_conv2               Conv2D          PASS      9.5367e-07      42.415      [1, 64, 16, 16]
res_bn2                 BatchNorm       PASS      2.1458e-06      0.013       [1, 64, 16, 16]
res_add                 ResidualAdd     PASS      1.9073e-06      0.017       [1, 64, 16, 16]
res_relu2               ReLU            PASS      1.3113e-06      0.010       [1, 64, 16, 16]
ds2_conv                Conv2D          PASS      7.1526e-07      21.119      [1, 128, 8, 8]
ds2_bn                  BatchNorm       PASS      3.3379e-06      0.122       [1, 128, 8, 8]
ds2_relu                ReLU            PASS      3.3379e-06      0.005       [1, 128, 8, 8]
gap                     GAP             PASS      4.7684e-07      0.026       [1, 128, 1, 1]
classifier              FullyConnected  PASS      3.2187e-06      0.052       [1, 10]
softmax                 Softmax         PASS      4.1723e-07      0.036       [1, 10]
----------------------------------------------------------------------------------------
Total Inference Pipeline Latency: 142.683900 ms
Overall Model Status: ALL LAYERS PASSED
========================================================================================

Top Prediction: bird (73.35% confidence)

